

     *****************************************************************
     *                   ANSYS Chemkin-Pro 2022 R1                   *
     *                       CHEM Application                        *
     *                GAS-PHASE MECHANISM INTERPRETER                *
     *                 Copyright(c) 2022 ANSYS, Inc.                 *                
     *Run Date and Time: Jul 20, 2026   10:44:05     480 min from UTC*
     *****************************************************************



Initializing CHEMKIN Gas-phase Interpreter a component of ANSYS Chemkin-Pro 2022 R1, Build date: Nov 29, 2021
This and All Other CHEMKIN(R) Libraries are Copyright (c) 2022 Ansys, Inc.  Unauthorized use, distribution, or duplication is prohibited.This product is subject to U.S. laws governing export andre-export.  For full Legal Notice, see documentation.


LICENSE INFORMATION: 
 

LicNum: unknown                                                                                                                                                                                                                                                                                                                                                                                                                                                                                                                 

                WORKING SPACE REQUIREMENTS
                 PROVIDED        REQUIRED 
 LOGICAL               40             40
 INTEGER            22790          22790
 REAL               43645          43645
 CHARACTER           2662           2662

This problem requires      0.333MB of memory for the REAL array.
                          --------------------
                          ELEMENTS     ATOMIC
                          CONSIDERED   WEIGHT
                          --------------------
                           1. O       15.9994    
                           2. H       1.00797    
                           3. N       14.0067    
                           4. C       12.0112    
                           5. AR      39.9480    
                           6. HE      4.00260    
                          --------------------
      WARNING...extra thermo parameters found 
                species: AR
                thermo data line: -2.31395752E-12 1.30201393E-15-7.45354481E+02 4.38024367E+00 0.00000000E+00    4
      WARNING...extra thermo parameters found 
                species: CO
                thermo data line:  6.52429293E-10-8.21714806E-13-1.43448968E+04 3.44355598E+00-1.32928623E+04    4
      WARNING...extra thermo parameters found 
                species: CO2
                thermo data line:  5.47155623E-09-1.27733965E-12-4.83529864E+04 1.05261943E+01-4.73241678E+04    4
      WARNING...extra thermo parameters found 
                species: H2
                thermo data line:  1.95517114E-08-7.17095663E-12-9.21173081E+02 5.47184736E-01 0.00000000E+00    4
      WARNING...extra thermo parameters found 
                species: H2NN
                thermo data line: -3.04000551E-08 1.04700639E-11 3.49580003E+04 1.51074195E+00 3.61943157E+04    4
      WARNING...extra thermo parameters found 
                species: H2NO
                thermo data line: -1.62747853E-08 6.00352834E-12 6.71178975E+03 4.58837038E+00 7.97044877E+03    4
      WARNING...extra thermo parameters found 
                species: H2O
                thermo data line: -5.52906960E-09 1.78282605E-12-3.02950066E+04-8.60610906E-01-2.90858262E+04    4
      WARNING...extra thermo parameters found 
                species: H2O2
                thermo data line: -2.06919945E-08 8.29766320E-12-1.76486003E+04 3.58850097E+00-1.62917334E+04    4
      WARNING...extra thermo parameters found 
                species: HCO
                thermo data line: -8.82720349E-09 2.67645129E-12 3.84203291E+03 4.44660361E+00 5.02774557E+03    4
      WARNING...extra thermo parameters found 
                species: HE
                thermo data line: -6.85983306E-13 7.24751856E-16-7.45340917E+02 9.29800315E-01 0.00000000E+00    4
      WARNING...extra thermo parameters found 
                species: HNO2
                thermo data line: -3.79359490E-08 1.44570885E-11-6.53088236E+03 5.90620097E+00-5.31122753E+03    4
      WARNING...extra thermo parameters found 
                species: HNOH
                thermo data line: -3.15645120E-08 1.24084574E-11 1.09199790E+04 5.55950983E+00 1.21354115E+04    4
      WARNING...extra thermo parameters found 
                species: HO2
                thermo data line: -2.35794011E-08 9.05614257E-12 2.62442356E+02 3.88223684E+00 1.47417835E+03    4
      WARNING...extra thermo parameters found 
                species: HON
                thermo data line: -2.49049483E-08 9.87365462E-12 2.46037098E+04 4.56636321E+00 2.58064800E+04    4
      WARNING...extra thermo parameters found 
                species: HONO
                thermo data line: -8.27656474E-09 4.39957151E-12-1.07744086E+04 1.00231941E+01-9.46242812E+03    4
      WARNING...extra thermo parameters found 
                species: HONO2
                thermo data line: -2.31891230E-09 3.17580552E-12-1.73955871E+04 1.77294677E+01-1.61398294E+04    4
      WARNING...extra thermo parameters found 
                species: N2
                thermo data line:  2.37542590E-09-1.39708206E-12-1.04749645E+03 2.94603724E+00 0.00000000E+00    4
      WARNING...extra thermo parameters found 
                species: N2H2
                thermo data line: -3.86501698E-08 1.34852134E-11 2.28241901E+04 9.10273396E-02 2.40806734E+04    4
      WARNING...extra thermo parameters found 
                species: N2H3
                thermo data line: -2.99727732E-08 1.20978970E-11 2.58198956E+04 7.83176309E+00 2.70438066E+04    4
      WARNING...extra thermo parameters found 
                species: N2H4
                thermo data line: -5.00709182E-08 2.03362064E-11 1.00893925E+04 5.75272030E+00 1.14474575E+04    4
      WARNING...extra thermo parameters found 
                species: N2O
                thermo data line:  1.20920039E-08-3.85125915E-12 8.87008622E+03 1.12477534E+01 9.93076870E+03    4
      WARNING...extra thermo parameters found 
                species: NH
                thermo data line:  2.85542239E-09-1.16864671E-12 4.21088372E+04 2.00373292E+00 4.31505966E+04    4
      WARNING...extra thermo parameters found 
                species: NH3
                thermo data line: -1.98833970E-08 7.15267961E-12-6.68545158E+03-1.66754883E-02-5.47888720E+03    4
      WARNING...extra thermo parameters found 
                species: NNH
                thermo data line: -1.33263744E-08 4.41023397E-12 2.88323793E+04 3.28551762E+00 3.02815661E+04    4
      WARNING...extra thermo parameters found 
                species: NO2
                thermo data line: -1.74264140E-08 6.71249644E-12 2.89500124E+03 6.96592162E+00 4.09515367E+03    4
      WARNING...extra thermo parameters found 
                species: NO3
                thermo data line: -5.14711611E-09 3.08532286E-12 7.47534931E+03 8.94786516E+00 8.91542942E+03    4
      WARNING...extra thermo parameters found 
                species: O
                thermo data line: -5.98755115E-09 2.06876117E-12 2.91298453E+04 2.09078344E+00 2.99753606E+04    4
      WARNING...extra thermo parameters found 
                species: O2
                thermo data line: -9.77840434E-09 3.28877702E-12-1.06413589E+03 3.64780709E+00 0.00000000E+00    4
      WARNING...extra thermo parameters found 
                species: C2H6
                thermo data line: -7.08466285E-08 2.68685771E-11-1.15222055E+04 2.66682316E+00 1.18915940E+04    4
      WARNING...extra thermo parameters found 
                species: CH4
                thermo data line: -4.84743026E-08 1.66693956E-11-1.02466476E+04-4.64130376E+00 1.00161980E+04    4
      WARNING...extra thermo parameters found 
                species: HNO3
                thermo data line: -6.06113827E-09 4.65236978E-12-1.74198909E+04 1.71839838E+01-1.61524852E+04    4
      WARNING...extra thermo parameters found 
                species: NH2OH
                thermo data line: -1.96668262E-08 8.82516590E-12-6.58148481E+03 7.93293571E+00-5.28593988E+03    4
 -------------------------------------------------------------------------------
                            C
                         P  H
                         H  A
                         A  R
 SPECIES                 S  G  MOLECULAR  TEMPERATURE  ELEMENT COUNT
 CONSIDERED              E  E  WEIGHT     LOW    HIGH          O         H         N         C         AR        HE
 -------------------------------------------------------------------------------
     1. AR               G  0 3.9948E+01   200   6000          0         0         0         0         1         0
     2. N2               G  0 2.8013E+01   200   6000          0         0         2         0         0         0
     3. H                G  0 1.0080E+00   298   3000          0         1         0         0         0         0
     4. H2               G  0 2.0159E+00   200   6000          0         2         0         0         0         0
     5. HE               G  0 4.0026E+00   200   6000          0         0         0         0         0         1
     6. FN2              G  0 4.0026E+00   200   6000          0         0         0         0         0         1
     7. O                G  0 1.5999E+01   200   6000          1         0         0         0         0         0
     8. OH               G  0 1.7007E+01   298   3000          1         1         0         0         0         0
     9. H2O              G  0 1.8015E+01   200   6000          1         2         0         0         0         0
    10. HO2              G  0 3.3007E+01   200   6000          2         1         0         0         0         0
    11. H2O2             G  0 3.4015E+01   200   6000          2         2         0         0         0         0
    12. O2               G  0 3.1999E+01   200   6000          2         0         0         0         0         0
    13. OH*              G  0 1.7007E+01   300   3000          1         1         0         0         0         0
    14. N                G  0 1.4007E+01   300   5000          0         0         1         0         0         0
    15. NH               G  0 1.5015E+01   200   6000          0         1         1         0         0         0
    16. NH2              G  0 1.6023E+01   300   5000          0         2         1         0         0         0
    17. NH3              G  0 1.7031E+01   200   4000          0         3         1         0         0         0
    18. NNH              G  0 2.9021E+01   200   6000          0         1         2         0         0         0
    19. N2H2             G  0 3.0029E+01   200   6000          0         2         2         0         0         0
    20. N2H3             G  0 3.1037E+01   200   6000          0         3         2         0         0         0
    21. N2H4             G  0 3.2045E+01   200   6000          0         4         2         0         0         0
    22. H2NN             G  0 3.0029E+01   200   6000          0         2         2         0         0         0
    23. NO               G  0 3.0006E+01   300   5000          1         0         1         0         0         0
    24. N2O              G  0 4.4013E+01   200   6000          1         0         2         0         0         0
    25. NO2              G  0 4.6005E+01   200   6000          2         0         1         0         0         0
    26. HNO              G  0 3.1014E+01   300   5000          1         1         1         0         0         0
    27. HON              G  0 3.1014E+01   200   6000          1         1         1         0         0         0
    28. HONO             G  0 4.7013E+01   200   6000          2         1         1         0         0         0
    29. H2NO             G  0 3.2022E+01   200   6000          1         2         1         0         0         0
    30. HNOH             G  0 3.2022E+01   200   6000          1         2         1         0         0         0
    31. HNO2             G  0 4.7013E+01   200   6000          2         1         1         0         0         0
    32. HONO2            G  0 6.3013E+01   200   6000          3         1         1         0         0         0
    33. NO3              G  0 6.2005E+01   200   6000          3         0         1         0         0         0
    34. HNO3             G  0 6.3013E+01   200   6000          3         1         1         0         0         0
    35. NH2OH            G  0 3.3030E+01   200   6000          1         3         1         0         0         0
    36. CO               G  0 2.8011E+01   200   6000          1         0         0         1         0         0
    37. CO2              G  0 4.4010E+01   200   6000          2         0         0         1         0         0
    38. HCO              G  0 2.9019E+01   200   6000          1         1         0         1         0         0
    39. CH4              G  0 1.6043E+01   200   3500          0         4         0         1         0         0
    40. C2H6             G  0 3.0070E+01   200   3500          0         6         0         2         0         0
 -------------------------------------------------------------------------------



                                                      (k = A T**b exp(-E/RT))
      REACTIONS CONSIDERED                              A        b        E

   1. O2+H<=>O+OH                                    1.04E+14    0.0    15286.0
   2. O+H2=H+OH                                      1.26E+06    2.3     6956.9
   3. H2+OH=H2O+H                                    2.16E+08    1.5     3430.0
   4. OH+OH=O+H2O                                    1.35E+07    1.7    -1166.8
      Declared duplicate reaction...
   5. OH+OH=O+H2O                                   -2.70E+10    0.6        0.0
      Declared duplicate reaction...
      Warning...negative pre-exponential factor for forward rate constant...
   6. H2+M=H+H+M                                     4.58E+19   -1.4   104380.0
      H2              Enhanced by    2.500E+00
      H2O             Enhanced by    1.200E+01
      CO              Enhanced by    1.900E+00
      CO2             Enhanced by    3.800E+00
      AR              Enhanced by    0.000E+00
      HE              Enhanced by    0.000E+00
   7. H2+AR=H+H+AR                                   5.84E+18   -1.1   104380.0
   8. H2+HE=H+H+HE                                   5.84E+18   -1.1   104380.0
   9. O+O+M=O2+M                                     6.16E+15   -0.5        0.0
      H2              Enhanced by    2.500E+00
      H2O             Enhanced by    1.200E+01
      AR              Enhanced by    0.000E+00
      HE              Enhanced by    0.000E+00
      CO              Enhanced by    1.900E+00
      CO2             Enhanced by    3.800E+00
  10. O+O+AR=O2+AR                                   1.89E+13    0.0    -1788.0
  11. O+O+HE=O2+HE                                   1.89E+13    0.0    -1788.0
  12. O+H+M=OH+M                                     4.71E+18   -1.0        0.0
      H2              Enhanced by    2.500E+00
      H2O             Enhanced by    1.200E+01
      AR              Enhanced by    7.500E-01
      HE              Enhanced by    7.500E-01
      CO              Enhanced by    1.900E+00
      CO2             Enhanced by    3.800E+00
  13. H2O+M=H+OH+M                                   6.06E+27   -3.3   120790.0
      H2              Enhanced by    3.000E+00
      H2O             Enhanced by    0.000E+00
      HE              Enhanced by    1.100E+00
      N2              Enhanced by    2.000E+00
      FN2             Enhanced by    2.000E+00
      O2              Enhanced by    1.500E+00
      CO              Enhanced by    1.900E+00
      CO2             Enhanced by    3.800E+00
  14. H2O+H2O=H+OH+H2O                               1.01E+26   -2.4   120180.0
  15. H+O2(+M)<=>HO2(+M)                             4.65E+12    0.4        0.0
      Low pressure limit:  0.17370E+20 -0.12300E+01  0.00000E+00
      TROE centering:      0.67000E+00  0.10000E-29  0.10000E+31  0.10000E+31
      H2              Enhanced by    1.300E+00
      CO              Enhanced by    1.900E+00
      CO2             Enhanced by    3.800E+00
      HE              Enhanced by    6.400E-01
      H2O             Enhanced by    1.000E+01
      AR              Enhanced by    5.000E-01
      CH4             Enhanced by    2.000E+00
      C2H6            Enhanced by    3.000E+00
  16. HO2+H=H2+O2                                    3.66E+06    2.1    -1451.0
  17. HO2+H=OH+OH                                    5.79E+13    0.0       86.1
  18. HO2+O=O2+OH                                    2.85E+10    1.0     -723.9
  19. HO2+OH=H2O+O2                                  1.93E+20   -2.5      584.0
      Declared duplicate reaction...
  20. HO2+OH=H2O+O2                                  1.21E+09    1.2    -1310.0
      Declared duplicate reaction...
  21. H+O2+H=H2+O2                                   8.80E+22   -1.8      800.0
  22. H+O2+H=OH+OH                                   4.00E+22   -1.8      800.0
  23. H+O2+O=OH+O2                                   7.35E+22   -1.8      800.0
  24. H+O2+OH=H2O+O2                                 2.56E+22   -1.8      800.0
  25. HO2+HO2=H2O2+O2                                1.18E+09    0.8    -1825.0
      Declared duplicate reaction...
  26. HO2+HO2=H2O2+O2                                1.25E+12    0.3     7397.0
      Declared duplicate reaction...
  27. H2O2(+M)=OH+OH(+M)                             2.00E+12    0.9    48749.0
      Low pressure limit:  0.24900E+25 -0.23000E+01  0.48749E+05
      TROE centering:      0.43000E+00  0.10000E-29  0.10000E+31
      H2O             Enhanced by    7.500E+00
      CO2             Enhanced by    1.600E+00
      N2              Enhanced by    1.500E+00
      O2              Enhanced by    1.200E+00
      FN2             Enhanced by    1.500E+00
      HE              Enhanced by    6.500E-01
      H2O2            Enhanced by    7.700E+00
      H2              Enhanced by    3.700E+00
      CO              Enhanced by    2.800E+00
  28. H2O2+H=H2O+OH                                  2.41E+13    0.0     3970.0
  29. H2O2+H=HO2+H2                                  4.82E+13    0.0     7950.0
  30. H2O2+O=OH+HO2                                  9.55E+06    2.0     3970.0
  31. H2O2+OH=HO2+H2O                                1.74E+12    0.0      318.0
      Declared duplicate reaction...
  32. H2O2+OH=HO2+H2O                                7.59E+13    0.0     7270.0
      Declared duplicate reaction...
  33. CO+O(+M)=CO2(+M)                               1.36E+10    0.0     2384.0
      Low pressure limit:  0.11730E+25 -0.27900E+01  0.41910E+04
      H2              Enhanced by    2.000E+00
      H2O             Enhanced by    1.200E+01
      CO              Enhanced by    1.750E+00
      CO2             Enhanced by    3.600E+00
      AR              Enhanced by    7.000E-01
      HE              Enhanced by    7.000E-01
  34. CO+O2=CO2+O                                    2.89E+12    0.0    47697.0
  35. CO+OH=CO2+H                                    1.66E+04    2.2    -1380.4
  36. CO+HO2=CO2+OH                                  1.51E+07    1.7    18159.0
  37. HCO(+M)=H+CO(+M)                               4.93E+16   -0.9    19725.0
      Low pressure limit:  0.49426E+11  0.95965E+00  0.14640E+05
      TROE centering:      0.85200E+00  0.51400E+02  0.35700E+04  0.34200E+04
      H2              Enhanced by    2.000E+00
      O2              Enhanced by    1.000E+00
      AR              Enhanced by    5.500E-01
      HE              Enhanced by    7.860E-01
      H2O             Enhanced by    1.200E+01
      CO              Enhanced by    1.500E+00
      CO2             Enhanced by    2.000E+00
  38. HCO+O2=CO+HO2                                  7.58E+12    0.0      410.0
  39. HCO+H=CO+H2                                    6.41E+13    0.0        0.0
  40. HCO+O=CO+OH                                    3.02E+13    0.0        0.0
  41. HCO+O=CO2+H                                    3.00E+13    0.0        0.0
  42. HCO+OH=CO+H2O                                  1.02E+14    0.0        0.0
  43. HCO+HO2=CO2+H+OH                               3.00E+13    0.0        0.0
  44. 2HCO=H2+2CO                                    3.00E+12    0.0        0.0
  45. N2+M=N+N+M                                     1.89E+18   -0.8   225000.0
      H2O             Enhanced by    1.625E+01
      CO              Enhanced by    1.875E+00
      CO2             Enhanced by    3.750E+00
      CH4             Enhanced by    1.625E+01
      C2H6            Enhanced by    1.625E+01
  46. N+O+M=NO+M                                     7.60E+14   -0.1    -1770.0
      H2O             Enhanced by    1.625E+01
      CO              Enhanced by    1.875E+00
      CO2             Enhanced by    3.750E+00
      CH4             Enhanced by    1.625E+01
      C2H6            Enhanced by    1.625E+01
  47. N+NO2=N2O+O                                    1.80E+12    0.0        0.0
  48. N+O2=NO+O                                      5.84E+09    1.0     6202.0
  49. N+OH<=>NO+H                                    3.36E+13    0.0      385.0
  50. N+NO<=>N2+O                                    1.13E+13    0.1        0.0
  51. NO+H(+M)=HNO(+M)                               4.48E+19   -1.3      740.0
      Low pressure limit:  0.24000E+15  0.20600E+00 -0.15500E+04
      TROE centering:      0.82000E+00  0.10000E-29  0.10000E+31  0.10000E+31
      N2              Enhanced by    1.600E+00
  52. NH+H=N+H2                                      3.01E+13    0.0        0.0
  53. NO+H=NH+O                                      9.90E+14   -0.1    69900.0
  54. NH+O=N+OH                                      3.00E+12    0.0        0.0
  55. NH+OH=HNO+H                                    3.20E+14   -0.4      -46.0
  56. NH+OH=N+H2O                                    2.00E+09    1.2        6.0
  57. NH+O2=HNO+O                                    2.40E+13    0.0    13850.0
  58. NH+O2=NO+OH                                    2.01E+16   -1.4     5672.0
  59. NH+NH=N2+H+H                                   2.50E+13    0.0        0.0
  60. NH+N=N2+H                                      9.00E+11    0.5        0.0
  61. NH+NO=N2O+H                                    5.80E+14   -0.4        0.0
  62. NH+NO=N2+OH                                    2.69E+12   -0.1     -513.0
  63. NH+NO2=HNO+NO                                  5.90E+12    0.0        0.0
  64. NH+HONO=NH2+NO2                                1.00E+13    0.0        0.0
  65. NH+N2O=N2+HNO                                  2.00E+12    0.0     6000.0
  66. NH2+H=NH+H2                                    2.13E+21   -2.2     8250.0
  67. NH2+O=HNO+H                                    1.50E+15   -0.5      836.7
      Declared duplicate reaction...
  68. NH2+O=HNO+H                                    7.73E+13   -0.3      646.4
      Declared duplicate reaction...
  69. NH2+O=NH+OH                                    7.00E+12    0.0        0.0
      Declared duplicate reaction...
  70. NH2+O=NH+OH                                    8.60E-01    4.0     1673.0
      Declared duplicate reaction...
  71. NH2+O=NO+H2                                    5.00E+12    0.0        0.0
  72. NH2+OH=NH+H2O                                  9.60E+06    2.0      669.0
  73. NH2+HO2=H2NO+OH                                2.50E+17   -1.3     1166.0
  74. NH2+HO2=NH3+O2                                 4.50E+13    0.0        0.0
  75. NH2+O2=H2NO+O                                  2.60E+11    0.5    29050.0
  76. NH2+O2=HNO+OH                                  2.90E-02    3.8    18185.0
  77. NH2+NH=NH3+N                                   9.57E+03    2.5      107.3
  78. NH2+NH=N2H3                                    7.00E+13    0.0        0.0
  79. NH2+N=N2+H+H                                   7.20E+13    0.0        0.0
  80. NH2+NO=N2+H2O                                  1.30E+16   -1.2        0.0
      Declared duplicate reaction...
  81. NH2+NO=N2+H2O                                 -3.10E+13   -0.5     1180.0
      Declared duplicate reaction...
      Warning...negative pre-exponential factor for forward rate constant...
  82. NH2+NO=NNH+OH                                  3.10E+13   -0.5     1180.0
  83. NH2+NO=N2O+H2                                  1.00E+13    0.0    33700.0
  84. NH2+NO2=N2O+H2O                                1.60E+16   -1.4      268.0
  85. NH2+NO2=H2NO+NO                                6.50E+16   -1.4      268.0
  86. NH2+HONO=NH3+NO2                               7.11E+01    3.0    -4941.0
  87. NH+NH=NH2+N                                    5.70E-01    3.9      342.0
  88. N2H2+M=NNH+H+M                                 1.80E+40   -8.4    73320.0
      Rate coefficients at P= 1.00E-01(atm)          5.600E+36   -7.8    70340.0
      Rate coefficients at P= 1.00E+00(atm)          1.800E+40   -8.4    73320.0
      Rate coefficients at P= 1.00E+01(atm)          3.100E+41   -8.4    76102.0
  89. N2H2+H=NNH+H2                                  1.10E+14    0.0     3128.0
  90. N2H2+O=NH2+NO                                  1.00E+13    0.0        0.0
  91. N2H2+O=NNH+OH                                  3.30E+08    1.5      497.0
  92. N2H2+OH=NNH+H2O                                5.90E+01    3.4    -1363.0
  93. N2H2+NO=N2O+NH2                                4.00E+12    0.0    11920.0
  94. N2H2+NH=NNH+NH2                                2.40E+06    2.0    -1192.0
  95. N2H2+NH2=NNH+NH3                               8.80E-02    4.0    -1610.0
  96. NH2+NH=N2H2+H                                  4.30E+14   -0.3      -77.0
  97. NH2+NH2=N2H2+H2                                4.00E+13    0.0    11840.0
  98. N2H2+HO2=NNH+H2O2                              1.00E+13    0.0     1987.0
  99. N2H2+M=NH+NH+M                                 3.16E+16    0.0    99350.0
 100. NH2+NH2(+M)=N2H4(+M)                           5.60E+14   -0.4       66.0
      Low pressure limit:  0.16000E+35 -0.54900E+01  0.19870E+04
      TROE centering:      0.31000E+00  0.10000E-29  0.10000E+31  0.10000E+31
 101. N2H4+M=N2H3+H+M                                1.00E+15    0.0    63600.0
      N2              Enhanced by    2.400E+00
      NH3             Enhanced by    3.000E+00
      N2H4            Enhanced by    4.000E+00
      FN2             Enhanced by    2.400E+00
 102. N2H4+H=N2H3+H2                                 4.50E+07    1.8     2613.0
 103. N2H4+O=N2H2+H2O                                4.40E+11    0.0    -1270.0
 104. N2H4+O=N2H3+OH                                 6.70E+08    1.5     2851.0
 105. N2H4+OH=N2H3+H2O                               4.00E+13    0.0        0.0
 106. N2H4+NH2=N2H3+NH3                              3.90E+12    0.0     1500.0
 107. N2H4+H=NH2+NH3                                 4.46E+09    0.0     3100.0
 108. N2H4+N2H2=N2H3+N2H3                            2.50E+10    0.5    29800.0
 109. N2H4+HO2=N2H3+H2O2                             3.98E+13    0.0     1990.0
 110. N2H4+NH=N2H3+NH2                               1.00E+12    0.0     1990.0
 111. N2H3=N2H2+H                                    3.60E+47  -10.4    69000.0
 112. NH2+NH2=N2H3+H                                 1.20E+12   -0.0    10084.0
 113. N2H3+H=N2H2+H2                                 2.40E+08    1.5      -10.0
 114. N2H3+H=NH3+NH                                  1.00E+11    0.0        0.0
 115. N2H3+O=N2H2+OH                                 1.70E+08    1.5     -646.0
 116. N2H3+O=NH2+HNO                                 3.00E+13    0.0        0.0
 117. N2H3+O=>NH2+NO+H                               3.00E+13    0.0        0.0
 118. N2H3+OH=N2H2+H2O                               1.20E+06    2.0    -1192.0
 119. N2H3+OH=H2NN+H2O                               3.00E+13    0.0        0.0
 120. N2H3+OH=NH3+HNO                                1.00E+12    0.0    15000.0
 121. N2H3+HO2=N2H2+H2O2                             1.40E+04    2.7    -1600.0
 122. N2H3+HO2=N2H4+O2                               9.20E+05    1.9     2126.0
 123. N2H3+NH2=N2H2+NH3                              9.20E+05    1.9    -1152.0
 124. N2H3+NH2=H2NN+NH3                              3.00E+13    0.0        0.0
 125. N2H3+NH=N2H2+NH2                               2.00E+13    0.0        0.0
 126. N2H3+M=NH2+NH+M                                5.00E+16    0.0    60000.0
 127. N2H3+N2H2=N2H4+NNH                             1.00E+13    0.0     9940.0
 128. N2H3+N2H3=NH3+NH3+N2                           3.00E+12    0.0        0.0
 129. N2H2+N2H2=N2H3+NNH                             1.00E+13    0.0     9935.0
 130. NH2+NH2=H2NN+H2                                7.20E+04    1.9     8802.0
 131. H2NN=NNH+H                                     3.40E+26   -4.8    46220.0
 132. H2NN+H=NNH+H2                                  4.80E+08    1.5     -894.0
 133. H2NN+H=N2H2+H                                  7.00E+13    0.0        0.0
 134. H2NN+O=NNH+OH                                  3.30E+08    1.5     -894.0
 135. H2NN+O=NH2+NO                                  7.00E+13    0.0        0.0
 136. H2NN+OH=NNH+H2O                                2.40E+06    2.0    -1192.0
 137. H2NN+OH=>NH2+NO+H                              2.00E+12    0.0        0.0
 138. H2NN+HO2=>NH2+NO+OH                            9.00E+12    0.0        0.0
 139. H2NN+HO2=NNH+H2O2                              2.90E+04    2.7    -1600.0
 140. H2NN+O2=NH2+NO2                                1.50E+12    0.0     5961.0
 141. H2NN+NH2=NNH+NH3                               1.80E+06    1.9    -1152.0
 142. H2NO+M=HNOH+M                                  1.10E+29   -4.0    44000.0
      H2O             Enhanced by    1.000E+01
 143. HNOH+M=HNO+H+M                                 2.00E+24   -2.8    58930.0
      H2O             Enhanced by    1.000E+01
 144. HNOH+H=NH2+OH                                  4.00E+13    0.0        0.0
 145. HNOH+H=HNO+H2                                  4.80E+08    1.5      378.0
 146. HNOH+O=HNO+OH                                  7.00E+13    0.0        0.0
      Declared duplicate reaction...
 147. HNOH+O=HNO+OH                                  3.30E+08    1.5     -358.0
      Declared duplicate reaction...
 148. HNOH+OH=HNO+H2O                                2.40E+06    2.0    -1192.0
 149. HNOH+HO2=HNO+H2O2                              2.90E+04    2.7    -1600.0
 150. HNOH+O2=HNO+HO2                                3.00E+12    0.0    25000.0
 151. HNOH+NH2=N2H3+OH                               1.00E+01    3.5     -467.0
 152. HNOH+NH2=H2NN+H2O                              8.80E+16   -1.1     1113.0
 153. HNOH+NH2=NH3+HNO                               1.80E+06    1.9    -1152.0
 154. HNOH+NO2=HONO+HNO                              6.00E+11    0.0     2000.0
 155. NH3(+M)=NH+H2(+M)                              7.00E+15   -0.4   110300.0
      Low pressure limit:  0.46650E+15  0.00000E+00  0.93150E+05
      TROE centering:      0.42000E+00  0.45810E+04  0.10200E+03  0.10000E+15
      H2              Enhanced by    1.000E+00
 156. NH3+H=NH2+H2                                   6.36E+05    2.4    10170.0
 157. NH3+O=NH2+OH                                   1.63E+07    1.9     6460.0
 158. NH3+OH=NH2+H2O                                 3.25E+12    0.0     2120.0
 159. NH3+HO2=NH2+H2O2                               3.00E+11    0.0    22000.0
 160. NH3+NH2=N2H3+H2                                1.00E+11    0.5    21600.0
 161. NH3+NH+M=N2H4+M                                1.09E+15    0.0        0.0
 162. NH3=NH2+H                                      3.50E+30   -5.2   111163.3
      Rate coefficients at P= 1.00E-01(atm)          7.230E+29   -5.3   110862.4
      Rate coefficients at P= 1.00E+00(atm)          3.497E+30   -5.2   111163.3
      Rate coefficients at P= 1.00E+01(atm)          1.975E+31   -5.2   111887.8
      Rate coefficients at P= 1.00E+02(atm)          2.689E+31   -4.9   112778.7
 163. NNH=N2+H                                       1.00E+09    0.0        0.0
 164. NNH+H=N2+H2                                    1.00E+14    0.0        0.0
 165. NNH+O=N2O+H                                    1.00E+14    0.0        0.0
 166. NNH+O=NH+NO                                    3.30E+14   -0.2    -1013.0
 167. NNH+O=N2+OH                                    1.20E+13    0.1     -217.0
 168. NNH+OH=N2+H2O                                  5.00E+13    0.0        0.0
 169. NNH+O2=N2+HO2                                  5.60E+14   -0.4      -13.0
 170. NNH+O2=N2+H+O2                                 5.00E+13    0.0        0.0
 171. NNH+NO=N2+HNO                                  5.00E+13    0.0        0.0
 172. NNH+NH=N2+NH2                                  5.00E+13    0.0        0.0
 173. NNH+NH2=N2+NH3                                 5.00E+13    0.0        0.0
 174. NNH+NNH=N2H2+N2                                1.00E+13    0.0     9935.0
 175. HNO=H+NO                                       1.83E+20   -3.0    47880.0
      Rate coefficients at P= 1.00E-01(atm)          2.012E+19   -3.0    47792.0
      Rate coefficients at P= 1.00E+00(atm)          1.826E+20   -3.0    47880.0
      Rate coefficients at P= 1.00E+01(atm)          1.276E+21   -3.0    48100.0
      Rate coefficients at P= 1.00E+02(atm)          5.644E+21   -2.9    48459.0
      Rate coefficients at P= 1.00E+03(atm)          9.711E+21   -2.6    48940.0
 176. HNO+O=NO+OH                                    3.61E+13    0.0        0.0
 177. HNO+H=NO+H2                                    9.00E+11    0.7      660.0
 178. HNO+OH=NO+H2O                                  7.20E+13    0.0        0.0
 179. HNO+O2=NO+HO2                                  2.00E+13    0.0    16000.0
 180. HNO+N=NO+NH                                    1.00E+13    0.0     1990.0
 181. HNO+N=N2O+H                                    5.00E+10    0.5     3000.0
 182. HNO+NO=N2O+OH                                  2.00E+12    0.0    26000.0
 183. HNO+NO2=HONO+NO                                4.40E+04    2.6     4040.0
 184. NH3+NO=NH2+HNO                                 3.26E+07    1.7    56600.0
 185. HNO+HNO=N2O+H2O                                9.00E+08    0.0     3100.0
 186. HNO+NH=NH2+NO                                  5.00E+11    0.5        0.0
 187. HON+M=NO+H+M                                   5.10E+19   -1.7    16040.0
      AR              Enhanced by    7.000E-01
      H2O             Enhanced by    7.000E+00
      CO2             Enhanced by    2.000E+00
 188. HON+H=HNO+H                                    2.40E+13    0.0        0.0
 189. HON+H=OH+NH                                    1.00E+13    0.0        0.0
 190. HON+O=OH+NO                                    7.00E+13    0.0        0.0
 191. HON+OH=HONO+H                                  4.00E+13    0.0        0.0
 192. HON+O2=NO2+OH                                  1.00E+12    0.0     4968.0
 193. NO+OH(+M)=HONO(+M)                             1.10E+14   -0.3        0.0
      Low pressure limit:  0.33920E+24 -0.25100E+01  0.00000E+00
      TROE centering:      0.75000E+00  0.10000E-29  0.10000E+31  0.10000E+31
 194. NO+HO2=NO2+OH                                  2.10E+12    0.0     -480.0
 195. NO2+H2=HONO+H                                  1.30E+04    2.8    29770.0
 196. NO2+H2=HNO2+H                                  2.40E+00    3.7    32400.0
 197. NO2+H=NO+OH                                    1.51E+14    0.0      362.0
 198. NO2+O=NO+O2                                    5.86E+12    0.0     -238.0
 199. NO+O(+M)=NO2(+M)                               1.30E+15   -0.8        0.0
      Low pressure limit:  0.94400E+25 -0.28700E+01  0.15510E+04
      TROE centering:      0.96200E+00  0.10000E+02  0.79620E+04
      AR              Enhanced by    6.000E-01
      NO2             Enhanced by    6.200E+00
      NO              Enhanced by    1.800E+00
      O2              Enhanced by    8.000E-01
      N2O             Enhanced by    4.400E+00
      CO2             Enhanced by    6.000E+00
      H2O             Enhanced by    1.000E+01
 200. NO2+OH(+M)=HONO2(+M)                           3.00E+13    0.0        0.0
      Low pressure limit:  0.29380E+26 -0.30000E+01  0.00000E+00
      TROE centering:      0.40000E+00  0.10000E-29  0.10000E+31  0.10000E+31
 201. NO2+NO2=NO+NO+O2                               4.50E+12    0.0    27600.0
 202. NO2+HO2=HONO+O2                                1.91E+00    3.3     3044.0
 203. NO2+HO2=HNO2+O2                                1.85E+01    3.3     4983.0
 204. N2O(+M)=N2+O(+M)                               9.90E+10    0.0    57901.0
      Low pressure limit:  0.10400E+16  0.00000E+00  0.59800E+05
      O2              Enhanced by    1.400E+00
      N2              Enhanced by    1.700E+00
      H2O             Enhanced by    1.200E+01
      NO              Enhanced by    3.000E+00
      N2O             Enhanced by    3.500E+00
 205. N2O+H=N2+OH                                    3.87E+14    0.0    18880.0
 206. N2O+O=NO+NO                                    9.20E+13    0.0    27670.0
 207. N2O+O=N2+O2                                    3.70E+12    0.0    15930.0
 208. N2O+OH=N2+HO2                                  1.30E-02    4.7    36560.0
 209. N2O+H2<=>N2+H2O                                5.23E+04    2.3    43207.3
 210. N2O+NO=NO2+N2                                  5.30E+05    2.2    46280.0
 211. N2O+N=N2+NO                                    1.00E+13    0.0    19870.0
 212. H2NO+M=HNO+H+M                                 2.80E+24   -2.8    64910.0
      H2O             Enhanced by    1.000E+01
 213. H2NO+H=HNO+H2                                  3.00E+07    2.0     2000.0
 214. H2NO+H=NH2+OH                                  5.00E+13    0.0        0.0
 215. H2NO+O=HNO+OH                                  3.00E+07    2.0     2000.0
 216. H2NO+OH=HNO+H2O                                1.00E+14    0.0        0.0
 217. H2NO+NO=HNO+HNO                                2.00E+04    2.0    13000.0
 218. H2NO+NH2=HNO+NH3                               3.00E+12    0.0     1000.0
 219. H2NO+HO2=HNO+H2O2                              2.90E+04    2.7    -1600.0
 220. H2NO+O2=HNO+HO2                                3.00E+12    0.0    25000.0
 221. H2NO+NO2=HONO+HNO                              6.00E+11    0.0     2000.0
 222. HONO+O=NO2+OH                                  1.20E+13    0.0     6000.0
 223. HONO+H=HNO+OH                                  5.60E+10    0.9     5000.0
 224. HONO+H=NO+H2O                                  8.10E+06    1.9     3850.0
 225. HONO+OH=NO2+H2O                                1.70E+12    0.0     -520.0
 226. HONO+NO2=HONO2+NO                              2.00E+11    0.0    32700.0
 227. HONO+HONO=NO+NO2+H2O                           3.50E-01    3.6    12140.0
 228. HNO2(+M)=HONO(+M)                              2.50E+14    0.0    32300.0
      Low pressure limit:  0.31000E+19  0.00000E+00  0.31500E+05
      TROE centering:      0.11490E+01  0.10000E-29  0.31250E+04  0.10000E+31
 229. HNO2+O=NO2+OH                                  1.70E+08    1.5     2000.0
 230. HNO2+OH=NO2+H2O                                4.00E+13    0.0        0.0
 231. HONO2+H=H2+NO3                                 5.60E+08    1.5    16400.0
 232. HONO2+H=H2O+NO2                                6.10E+01    3.3     6285.0
 233. HONO2+H=OH+HONO                                3.80E+05    2.3     6976.0
 234. HONO2+OH=H2O+NO3                               1.00E+10    0.0    -1240.0
 235. NO2+O(+M)=NO3(+M)                              3.50E+12    0.2        0.0
      Low pressure limit:  0.25000E+21 -0.15000E+01  0.00000E+00
      TROE centering:      0.71000E+00  0.10000E-29  0.17000E+04  0.10000E+31
 236. NO2+NO2=NO3+NO                                 9.60E+09    0.7    20900.0
 237. NO3+H=NO2+OH                                   6.00E+13    0.0        0.0
 238. NO3+O=NO2+O2                                   1.00E+13    0.0        0.0
 239. NO3+OH=NO2+HO2                                 1.40E+13    0.0        0.0
 240. NO3+HO2=NO2+O2+OH                              1.50E+12    0.0        0.0
 241. NO3+NO2=NO+NO2+O2                              5.00E+10    0.0     2940.0
 242. NO3+NO3=NO2+NO2+O2                             5.12E+11    0.0     4870.0
 243. H+O+M=OH*+M                                    1.50E+13    0.0     5975.0
      H2              Enhanced by    1.000E+00
 244. OH*=OH                                         1.45E+06    0.0        0.0
 245. OH*+O2=OH+O2                                   2.10E+12    0.5     -482.4
 246. OH*+H2=OH+H2                                   2.95E+12    0.5     -454.3
 247. OH*+N2=OH+N2                                   1.08E+11    0.5     -124.3
 248. OH*+AR=OH+AR                                   1.69E+12    0.0     4137.0
 249. OH*+H2O=OH+H2O                                 5.93E+12    0.5     -860.8
 250. OH*+OH=OH+OH                                   6.01E+12    0.5     -765.2
 251. OH*+H=OH+H                                     1.31E+12    0.5     -167.4
 252. NO+HCO=HNO+CO                                  7.20E+13    0.0        0.0
 253. NO2+HCO=CO+NO+OH                               9.45E+12    0.0     -430.0
 254. NO2+HCO=H+CO2+NO                               5.55E+12    0.0     -430.0
 255. NO2+CO=NO+CO2                                  2.19E+13    0.0    29200.0
 256. N2O+CO=N2+CO2                                  2.70E+11    0.0    20237.0
 257. CO2+N=CO+NO                                    1.90E+11    0.0     3400.0

 UNITS for the preceding reactions (unless otherwise noted):
       A units mole-cm-sec-K, E units cal/mole




 NO ERRORS FOUND ON INPUT: 
 ASCII Vers. 4.5.0 CHEMKIN linkfile chem.asc written.


      NOTE (for information purposes only),
      the following species do not participate in any reaction:
      FN2             HNO3            NH2OH           CH4             C2H6            

 GAS PHASE WORKING SPACE REQUIREMENTS ARE
    INTEGER:      15078
    REAL:          5273
    CHARACTER:       47

***NOTE:  There are WARNING messages in the printout above***

 Total CPUtime: 1 second or less
